
> hrm@0.1.0 build
> npm run build:server && next build


> hrm@0.1.0 build:server
> tsc -p tsconfig.build.json && cp dist/server.js dist/server.mjs

services/spotifyPolling.ts(289,69): error TS2345: Argument of type '{ context_uri: string; }' is not assignable to parameter of type 'string'.
