
> hrm@0.30.0 prebuild /app
> pnpm run clean


> hrm@0.30.0 clean /app
> rm -rf .next dist coverage test-results playwright-report *.log *.backup nohup.out diff.txt


> hrm@0.30.0 build /app
> pnpm run build:server && next build --webpack


> hrm@0.30.0 build:server /app
> pnpm exec tsc -p tsconfig.build.json && tsc-alias -p tsconfig.build.json

Attention: Next.js now collects completely anonymous telemetry regarding usage.
This information is used to shape Next.js' roadmap and prioritize features.
You can learn more, including how to opt-out if you'd not like to participate in this anonymous program, by visiting the following URL:
https://nextjs.org/telemetry

▲ Next.js 16.1.5 (webpack)
- Environments: .env.local

  Creating an optimized production build ...
✓ Compiled successfully in 47s
  Running TypeScript ...
Failed to compile.

./components/HrmTiles.tsx:29:39
Type error: 'user.lastUpdated' is possibly 'undefined'.

[0m [90m 27 |[39m           user[33m.[39mmaxHr [33m||[39m [33mMAX_HR_DEFAULT[39m
 [90m 28 |[39m         )
[31m[1m>[22m[39m[90m 29 |[39m         [36mconst[39m timeSinceUpdate [33m=[39m now [33m-[39m user[33m.[39mlastUpdated
 [90m    |[39m                                       [31m[1m^[22m[39m
 [90m 30 |[39m         [36mconst[39m isDataStale [33m=[39m timeSinceUpdate [33m>[39m [33mSTALE_TILE_DISPLAY_THRESHOLD_MS[39m
 [90m 31 |[39m
 [90m 32 |[39m         [90m// Find the alert specific to this HR Monitor's clientId[39m[0m
Next.js build worker exited with code: 1 and signal: null
 ELIFECYCLE  Command failed with exit code 1.
