
> hrm@0.1.0 lint
> eslint

(node:9372) ESLintIgnoreWarning: The ".eslintignore" file is no longer supported. Switch to using the "ignores" property in "eslint.config.js": https://eslint.org/docs/latest/use/configure/migration-guide#ignoring-files
(Use `node --trace-warnings ...` to show where the warning was created)

/home/ari/hrm/hooks/useWebSocket.ts
  83:11  error  Error: Cannot access variable before it is declared

`connect` is accessed before it is declared, which prevents the earlier access from updating when this value changes over time.

/home/ari/hrm/hooks/useWebSocket.ts:83:11
  81 |           console.log('[useWebSocket] Attempting to reconnect...')
  82 |           setConnectionStatus('Reconnecting...')
> 83 |           connect()
     |           ^^^^^^^ `connect` accessed before it is declared
  84 |         }, 3000)
  85 |       }
  86 |     }

/home/ari/hrm/hooks/useWebSocket.ts:53:3
   51 |   const wsRef = useRef<WebSocket | null>(null)
   52 |
>  53 |   const connect = useCallback(() => {
      |   ^^^^^^^^^^^^^^^^^^^^^^^^^^^^^^^^^^^
>  54 |     // Ensure this runs only client-side
      | ^^^^^^^^^^^^^^^^^^^^^^^^^^^^^^^^^^^^^^^^
>  55 |     if (typeof window === 'undefined') return
      …
      | ^^^^^^^^^^^^^^^^^^^^^^^^^^^^^^^^^^^^^^^^
> 116 |     }
      | ^^^^^^^^^^^^^^^^^^^^^^^^^^^^^^^^^^^^^^^^
> 117 |   }, [wsUrl])
      | ^^^^^^^^^^^^^^ `connect` is declared here
  118 |
  119 |   useEffect(() => {
  120 |     connect()  react-hooks/immutability

✖ 1 problem (1 error, 0 warnings)

